✔ [2/9] Built Cairn.Affine (384ms)
✔ [3/9] Built Cairn.Places (823ms)
✔ [4/9] Built Cairn.CollectorCertificates (434ms)
✔ [5/9] Built Cairn.Collector (721ms)
✔ [6/9] Built Cairn.Ownership (2.6s)
ℹ [7/9] Built Cairn.Audit (165ms)
info: Cairn/Audit.lean:21:0: 'Cairn.check_sound' depends on axioms: [propext, Quot.sound]
info: Cairn/Audit.lean:22:0: 'Cairn.check_sound'' depends on axioms: [propext, Quot.sound]
info: Cairn/Audit.lean:23:0: 'Cairn.eval_combine_nonneg' depends on axioms: [propext, Quot.sound]
info: Cairn/Audit.lean:24:0: 'Cairn.forall_mem_of_satisfies' depends on axioms: [propext]
info: Cairn/Audit.lean:28:0: 'Cairn.Collector.all_checked' depends on axioms: [propext]
info: Cairn/Audit.lean:29:0: 'Cairn.Collector.certificates_length' does not depend on any axioms
info: Cairn/Audit.lean:33:0: 'Cairn.Collector.obligation_initial_nonnegative' depends on axioms: [propext, Quot.sound]
info: Cairn/Audit.lean:34:0: 'Cairn.Collector.obligation_initial_cursor_before_input' depends on axioms: [propext, Quot.sound]
info: Cairn/Audit.lean:35:0: 'Cairn.Collector.obligation_initial_input_before_capacity' depends on axioms: [propext, Quot.sound]
info: Cairn/Audit.lean:36:0: 'Cairn.Collector.obligation_initial_capacity_representable' depends on axioms: [propext, Quot.sound]
info: Cairn/Audit.lean:37:0: 'Cairn.Collector.obligation_store_nonnegative' depends on axioms: [propext, Quot.sound]
info: Cairn/Audit.lean:38:0: 'Cairn.Collector.obligation_store_strictly_below_capacity' depends on axioms: [propext, Quot.sound]
info: Cairn/Audit.lean:39:0: 'Cairn.Collector.obligation_emit_cursor_increment_fits' depends on axioms: [propext, Quot.sound]
info: Cairn/Audit.lean:40:0: 'Cairn.Collector.obligation_step_input_increment_fits' depends on axioms: [propext, Quot.sound]
info: Cairn/Audit.lean:41:0: 'Cairn.Collector.obligation_emit_invariant_0' depends on axioms: [propext, Quot.sound]
info: Cairn/Audit.lean:42:0: 'Cairn.Collector.obligation_emit_invariant_1' depends on axioms: [propext, Quot.sound]
info: Cairn/Audit.lean:43:0: 'Cairn.Collector.obligation_emit_invariant_2' depends on axioms: [propext, Quot.sound]
info: Cairn/Audit.lean:44:0: 'Cairn.Collector.obligation_emit_invariant_3' depends on axioms: [propext, Quot.sound]
info: Cairn/Audit.lean:45:0: 'Cairn.Collector.obligation_skip_invariant_0' depends on axioms: [propext, Quot.sound]
info: Cairn/Audit.lean:46:0: 'Cairn.Collector.obligation_skip_invariant_1' depends on axioms: [propext, Quot.sound]
info: Cairn/Audit.lean:47:0: 'Cairn.Collector.obligation_skip_invariant_2' depends on axioms: [propext, Quot.sound]
info: Cairn/Audit.lean:48:0: 'Cairn.Collector.obligation_skip_invariant_3' depends on axioms: [propext, Quot.sound]
info: Cairn/Audit.lean:49:0: 'Cairn.Collector.obligation_exit_output_count_bounded' depends on axioms: [propext, Quot.sound]
info: Cairn/Audit.lean:53:0: 'Cairn.Collector.Inv.init' depends on axioms: [propext, Quot.sound]
info: Cairn/Audit.lean:54:0: 'Cairn.Collector.Inv.emit' depends on axioms: [propext, Quot.sound]
info: Cairn/Audit.lean:55:0: 'Cairn.Collector.Inv.skip' depends on axioms: [propext, Quot.sound]
info: Cairn/Audit.lean:56:0: 'Cairn.Collector.Inv.store_nonneg' depends on axioms: [propext, Quot.sound]
info: Cairn/Audit.lean:57:0: 'Cairn.Collector.Inv.store_lt_capacity' depends on axioms: [propext, Quot.sound]
info: Cairn/Audit.lean:58:0: 'Cairn.Collector.Inv.emit_increment_fits' depends on axioms: [propext, Quot.sound]
info: Cairn/Audit.lean:59:0: 'Cairn.Collector.Inv.step_increment_fits' depends on axioms: [propext, Quot.sound]
info: Cairn/Audit.lean:60:0: 'Cairn.Collector.Inv.exit_le_capacity' depends on axioms: [propext, Quot.sound]
info: Cairn/Audit.lean:64:0: 'Cairn.Collector.run_preserves_inv' depends on axioms: [propext, Quot.sound]
info: Cairn/Audit.lean:65:0: 'Cairn.Collector.run_spec' depends on axioms: [propext, Quot.sound]
info: Cairn/Audit.lean:66:0: 'Cairn.Collector.collect_spec' depends on axioms: [propext, Quot.sound]
info: Cairn/Audit.lean:67:0: 'Cairn.Collector.store_index_lt_capacity' depends on axioms: [propext, Quot.sound]
info: Cairn/Audit.lean:68:0: 'Cairn.Collector.store_index_lt_buffer_length' depends on axioms: [propext, Quot.sound]
info: Cairn/Audit.lean:69:0: 'Cairn.Collector.increments_fit' depends on axioms: [propext, Quot.sound]
info: Cairn/Audit.lean:73:0: 'Cairn.Ownership.reaches_sound' depends on axioms: [propext, Quot.sound]
info: Cairn/Audit.lean:74:0: 'Cairn.Ownership.ovl_sound' depends on axioms: [propext, Quot.sound]
info: Cairn/Audit.lean:75:0: 'Cairn.Ownership.accepted_no_fault' depends on axioms: [propext, Quot.sound]
info: Cairn/Audit.lean:76:0: 'Cairn.Ownership.accepted_no_use_after_move' depends on axioms: [propext, Quot.sound]
info: Cairn/Audit.lean:77:0: 'Cairn.Ownership.accepted_no_use_after_free' depends on axioms: [propext, Quot.sound]
info: Cairn/Audit.lean:78:0: 'Cairn.Ownership.accepted_no_double_free' depends on axioms: [propext, Quot.sound]
info: Cairn/Audit.lean:79:0: 'Cairn.Ownership.accepted_race_free' depends on axioms: [propext, Quot.sound]
info: Cairn/Audit.lean:80:0: 'Cairn.Ownership.accepted_threads_disjoint' depends on axioms: [propext, Quot.sound]
info: Cairn/Audit.lean:81:0: 'Cairn.Ownership.accepted_no_leaked_ticket' depends on axioms: [propext, Quot.sound]
info: Cairn/Audit.lean:82:0: 'Cairn.Ownership.accepted_no_aliased_args' depends on axioms: [propext, Quot.sound]
info: Cairn/Audit.lean:83:0: 'Cairn.Ownership.accepted_frees_each_allocation_once' depends on axioms: [propext, Quot.sound]
info: Cairn/Audit.lean:84:0: 'Cairn.Ownership.accepted_progress' depends on axioms: [propext, Quot.sound]
info: Cairn/Audit.lean:85:0: 'Cairn.Ownership.Ok_succ' depends on axioms: [propext, Quot.sound]
info: Cairn/Audit.lean:86:0: 'Cairn.Ownership.Ok_start' depends on axioms: [propext]
info: Cairn/Audit.lean:87:0: 'Cairn.Ownership.checkBlock_mono' depends on axioms: [propext, Quot.sound]
info: Cairn/Audit.lean:88:0: 'Cairn.Ownership.releaseAll_final' depends on axioms: [propext]
info: Cairn/Audit.lean:89:0: 'Cairn.Ownership.lanesOf_pairwise' depends on axioms: [propext, Quot.sound]
info: Cairn/Audit.lean:90:0: 'Cairn.Ownership.lane_borrows_dont_race' depends on axioms: [propext, Quot.sound]
info: Cairn/Audit.lean:91:0: 'Cairn.Ownership.races_borrow_of_lease' depends on axioms: [propext]
info: Cairn/Audit.lean:92:0: 'Cairn.Ownership.ownership_regression' depends on axioms: [propext]
info: Cairn/Audit.lean:96:0: 'Cairn.Ownership.Regress.leasedRead_races' depends on axioms: [propext]
info: Cairn/Audit.lean:97:0: 'Cairn.Ownership.Regress.overlappingTasks_races' depends on axioms: [propext]
info: Cairn/Audit.lean:98:0: 'Cairn.Ownership.Regress.overlappingParts_races' depends on axioms: [propext]
info: Cairn/Audit.lean:99:0: 'Cairn.Ownership.Regress.fieldsToTwoTasks_races' depends on axioms: [propext]
info: Cairn/Audit.lean:100:0: 'Cairn.Ownership.Regress.fieldPartsOverlapInOneCall_aliases' depends on axioms: [propext]
info: Cairn/Audit.lean:101:0: 'Cairn.Ownership.Regress.laneWritesFixedIndex_races' depends on axioms: [propext]
info: Cairn/Audit.lean:102:0: 'Cairn.Ownership.Regress.laneWritesShared_races' depends on axioms: [propext]
info: Cairn/Audit.lean:103:0: 'Cairn.Ownership.Regress.laneReadsOther_races' depends on axioms: [propext]
info: Cairn/Audit.lean:104:0: 'Cairn.Ownership.Regress.backwardsPart_traps' depends on axioms: [propext]
info: Cairn/Audit.lean:105:0: 'Cairn.Ownership.Regress.copyAnOwner_doubleFrees' depends on axioms: [propext]
info: Cairn/Audit.lean:106:0: 'Cairn.Ownership.Regress.useAfterDrop_usesDeadPlace' depends on axioms: [propext]
info: Cairn/Audit.lean:107:0: 'Cairn.Ownership.Regress.unawaitedTicket_leaks' depends on axioms: [propext]
info: Cairn/Audit.lean:108:0: 'Cairn.Ownership.Regress.witnesses_are_rejected' depends on axioms: [propext]
info: Cairn/Audit.lean:112:0: "ownership-regression: pass"
✔ [8/9] Built Cairn (148ms)
Build completed successfully (9 jobs).
