{
  "protocol": "cairn.verification-coverage/1",
  "status": "incomplete",
  "reference_sha256": "153e9d40cd335965d5760e323b1e7b4ef56671a73f360c25e14bbac882d84282",
  "candidate_sha256": "153e9d40cd335965d5760e323b1e7b4ef56671a73f360c25e14bbac882d84282",
  "domain": "all declared-width scalar inputs; reference must be total",
  "scope": "all declared functions in the restricted scalar source model",
  "native_proof": false,
  "lean_proof": false,
  "results": {
    "average": {
      "protocol": "cairn.semantic/1",
      "profile": "cairn-scalar-bv/1",
      "reference_sha256": "153e9d40cd335965d5760e323b1e7b4ef56671a73f360c25e14bbac882d84282",
      "candidate_sha256": "153e9d40cd335965d5760e323b1e7b4ef56671a73f360c25e14bbac882d84282",
      "symbol": "average",
      "assume": "true",
      "allow_reference_traps": false,
      "implementation_sha256": "528053f146bde7b900d5572a922ec313f035170bc4e5fc4e5b829dc83d818d99",
      "trust": [
        "CAIRN parser/typechecker",
        "scalar SMT translation",
        "Z3 solver"
      ],
      "lean_verified": false,
      "native_verified": false,
      "status": "smt-equivalent",
      "solver_version": "4.13.3.0",
      "queries": [
        {
          "stage": "reference-totality",
          "solver": "Z3",
          "version": "4.13.3.0",
          "library": "libz3.so.4",
          "timeout_ms": 3000,
          "query_sha256": "33c9c4fdfd26b2e6435a6e5c354bc302f4d69d33ffc9e638939db6186e309a9e",
          "status": "unsat"
        },
        {
          "stage": "equivalence",
          "solver": "Z3",
          "version": "4.13.3.0",
          "library": "libz3.so.4",
          "timeout_ms": 3000,
          "query_sha256": "8decbefa9dd8912f36db22253608b683c51473eb38bde7cd7841bc66e8eb9d3a",
          "status": "unsat"
        }
      ],
      "quantification": "All declared-width scalar inputs satisfying the host precondition.",
      "observation": "Return value, or one undifferentiated abort outcome; no memory/timing observation."
    },
    "scratch": {
      "protocol": "cairn.semantic/1",
      "profile": "cairn-scalar-bv/1",
      "reference_sha256": "153e9d40cd335965d5760e323b1e7b4ef56671a73f360c25e14bbac882d84282",
      "candidate_sha256": "153e9d40cd335965d5760e323b1e7b4ef56671a73f360c25e14bbac882d84282",
      "symbol": "scratch",
      "assume": "true",
      "allow_reference_traps": false,
      "implementation_sha256": "528053f146bde7b900d5572a922ec313f035170bc4e5fc4e5b829dc83d818d99",
      "trust": [
        "CAIRN parser/typechecker",
        "scalar SMT translation",
        "Z3 solver"
      ],
      "lean_verified": false,
      "native_verified": false,
      "status": "unknown",
      "reason": "Only scalar locals, assignment, if/else and value returns are modeled; no loops.",
      "unsupported_profile": true
    },
    "smaller": {
      "protocol": "cairn.semantic/1",
      "profile": "cairn-scalar-bv/1",
      "reference_sha256": "153e9d40cd335965d5760e323b1e7b4ef56671a73f360c25e14bbac882d84282",
      "candidate_sha256": "153e9d40cd335965d5760e323b1e7b4ef56671a73f360c25e14bbac882d84282",
      "symbol": "smaller",
      "assume": "true",
      "allow_reference_traps": false,
      "implementation_sha256": "528053f146bde7b900d5572a922ec313f035170bc4e5fc4e5b829dc83d818d99",
      "trust": [
        "CAIRN parser/typechecker",
        "scalar SMT translation",
        "Z3 solver"
      ],
      "lean_verified": false,
      "native_verified": false,
      "status": "smt-equivalent",
      "solver_version": "4.13.3.0",
      "queries": [
        {
          "stage": "reference-totality",
          "solver": "Z3",
          "version": "4.13.3.0",
          "library": "libz3.so.4",
          "timeout_ms": 3000,
          "query_sha256": "a1ce1df880bac294af4c1800c49ec215ae5af3516304e6dcf14d1e709ea0241d",
          "status": "unsat"
        },
        {
          "stage": "equivalence",
          "solver": "Z3",
          "version": "4.13.3.0",
          "library": "libz3.so.4",
          "timeout_ms": 3000,
          "query_sha256": "a1ce1df880bac294af4c1800c49ec215ae5af3516304e6dcf14d1e709ea0241d",
          "status": "unsat"
        }
      ],
      "quantification": "All declared-width scalar inputs satisfying the host precondition.",
      "observation": "Return value, or one undifferentiated abort outcome; no memory/timing observation."
    },
    "total": {
      "protocol": "cairn.semantic/1",
      "profile": "cairn-scalar-bv/1",
      "reference_sha256": "153e9d40cd335965d5760e323b1e7b4ef56671a73f360c25e14bbac882d84282",
      "candidate_sha256": "153e9d40cd335965d5760e323b1e7b4ef56671a73f360c25e14bbac882d84282",
      "symbol": "total",
      "assume": "true",
      "allow_reference_traps": false,
      "implementation_sha256": "528053f146bde7b900d5572a922ec313f035170bc4e5fc4e5b829dc83d818d99",
      "trust": [
        "CAIRN parser/typechecker",
        "scalar SMT translation",
        "Z3 solver"
      ],
      "lean_verified": false,
      "native_verified": false,
      "status": "smt-equivalent",
      "solver_version": "4.13.3.0",
      "queries": [
        {
          "stage": "reference-totality",
          "solver": "Z3",
          "version": "4.13.3.0",
          "library": "libz3.so.4",
          "timeout_ms": 3000,
          "query_sha256": "a3086c09354a6e1c4ed6a5b3f3df3619922e5ededd7628badec996b4ac64787c",
          "status": "unsat"
        },
        {
          "stage": "equivalence",
          "solver": "Z3",
          "version": "4.13.3.0",
          "library": "libz3.so.4",
          "timeout_ms": 3000,
          "query_sha256": "a3086c09354a6e1c4ed6a5b3f3df3619922e5ededd7628badec996b4ac64787c",
          "status": "unsat"
        }
      ],
      "quantification": "All declared-width scalar inputs satisfying the host precondition.",
      "observation": "Return value, or one undifferentiated abort outcome; no memory/timing observation."
    }
  },
  "coverage_checker_sha256": "d0b0d5c1901865f72b5400af2b335c98344ea1c07c4c3611389e7b4219b3a6d8",
  "public_types_match": true,
  "reference_intent_proved": false,
  "expected": [
    "average",
    "scratch",
    "smaller",
    "total"
  ],
  "missing": [],
  "extra": [],
  "covered": [
    "average",
    "smaller",
    "total"
  ],
  "uncovered": [
    "scratch"
  ]
}
