✔ [2/21] Built Cairn.Affine (543ms)
✔ [3/21] Built Cairn.CollectorCertificates (652ms)
✔ [4/21] Built Cairn.Places (1.2s)
✔ [5/21] Built Cairn.Region (1.4s)
✔ [6/21] Built Cairn.Facts (1.7s)
✔ [7/21] Built Cairn.Ownership.Syntax (550ms)
✔ [8/21] Built Cairn.Collector (932ms)
✔ [9/21] Built Cairn.Ownership.Lanes (364ms)
✔ [10/21] Built Cairn.Ownership.Checker (470ms)
✔ [11/21] Built Cairn.Ownership.Weakening (325ms)
✔ [12/21] Built Cairn.Ownership.Machine (552ms)
✔ [13/21] Built Cairn.Ownership.Heap (384ms)
✔ [14/21] Built Cairn.Ownership.Invariant (360ms)
✔ [15/21] Built Cairn.Ownership.Preservation (678ms)
✔ [16/21] Built Cairn.Ownership.Soundness (344ms)
✔ [17/21] Built Cairn.Ownership.Regress (917ms)
✔ [18/21] Built Cairn.Ownership (196ms)
ℹ [19/21] Built Cairn.Audit (243ms)
info: Cairn/Audit.lean:23:0: 'Cairn.check_sound' depends on axioms: [propext, Quot.sound]
info: Cairn/Audit.lean:24:0: 'Cairn.check_sound'' depends on axioms: [propext, Quot.sound]
info: Cairn/Audit.lean:25:0: 'Cairn.eval_combine_nonneg' depends on axioms: [propext, Quot.sound]
info: Cairn/Audit.lean:26:0: 'Cairn.forall_mem_of_satisfies' depends on axioms: [propext]
info: Cairn/Audit.lean:30:0: 'Cairn.Collector.all_checked' depends on axioms: [propext]
info: Cairn/Audit.lean:31:0: 'Cairn.Collector.certificates_length' does not depend on any axioms
info: Cairn/Audit.lean:35:0: 'Cairn.Collector.obligation_initial_nonnegative' depends on axioms: [propext, Quot.sound]
info: Cairn/Audit.lean:36:0: 'Cairn.Collector.obligation_initial_cursor_before_input' depends on axioms: [propext, Quot.sound]
info: Cairn/Audit.lean:37:0: 'Cairn.Collector.obligation_initial_input_before_capacity' depends on axioms: [propext, Quot.sound]
info: Cairn/Audit.lean:38:0: 'Cairn.Collector.obligation_initial_capacity_representable' depends on axioms: [propext, Quot.sound]
info: Cairn/Audit.lean:39:0: 'Cairn.Collector.obligation_store_nonnegative' depends on axioms: [propext, Quot.sound]
info: Cairn/Audit.lean:40:0: 'Cairn.Collector.obligation_store_strictly_below_capacity' depends on axioms: [propext, Quot.sound]
info: Cairn/Audit.lean:41:0: 'Cairn.Collector.obligation_emit_cursor_increment_fits' depends on axioms: [propext, Quot.sound]
info: Cairn/Audit.lean:42:0: 'Cairn.Collector.obligation_step_input_increment_fits' depends on axioms: [propext, Quot.sound]
info: Cairn/Audit.lean:43:0: 'Cairn.Collector.obligation_emit_invariant_0' depends on axioms: [propext, Quot.sound]
info: Cairn/Audit.lean:44:0: 'Cairn.Collector.obligation_emit_invariant_1' depends on axioms: [propext, Quot.sound]
info: Cairn/Audit.lean:45:0: 'Cairn.Collector.obligation_emit_invariant_2' depends on axioms: [propext, Quot.sound]
info: Cairn/Audit.lean:46:0: 'Cairn.Collector.obligation_emit_invariant_3' depends on axioms: [propext, Quot.sound]
info: Cairn/Audit.lean:47:0: 'Cairn.Collector.obligation_skip_invariant_0' depends on axioms: [propext, Quot.sound]
info: Cairn/Audit.lean:48:0: 'Cairn.Collector.obligation_skip_invariant_1' depends on axioms: [propext, Quot.sound]
info: Cairn/Audit.lean:49:0: 'Cairn.Collector.obligation_skip_invariant_2' depends on axioms: [propext, Quot.sound]
info: Cairn/Audit.lean:50:0: 'Cairn.Collector.obligation_skip_invariant_3' depends on axioms: [propext, Quot.sound]
info: Cairn/Audit.lean:51:0: 'Cairn.Collector.obligation_exit_output_count_bounded' depends on axioms: [propext, Quot.sound]
info: Cairn/Audit.lean:55:0: 'Cairn.Collector.Inv.init' depends on axioms: [propext, Quot.sound]
info: Cairn/Audit.lean:56:0: 'Cairn.Collector.Inv.emit' depends on axioms: [propext, Quot.sound]
info: Cairn/Audit.lean:57:0: 'Cairn.Collector.Inv.skip' depends on axioms: [propext, Quot.sound]
info: Cairn/Audit.lean:58:0: 'Cairn.Collector.Inv.store_nonneg' depends on axioms: [propext, Quot.sound]
info: Cairn/Audit.lean:59:0: 'Cairn.Collector.Inv.store_lt_capacity' depends on axioms: [propext, Quot.sound]
info: Cairn/Audit.lean:60:0: 'Cairn.Collector.Inv.emit_increment_fits' depends on axioms: [propext, Quot.sound]
info: Cairn/Audit.lean:61:0: 'Cairn.Collector.Inv.step_increment_fits' depends on axioms: [propext, Quot.sound]
info: Cairn/Audit.lean:62:0: 'Cairn.Collector.Inv.exit_le_capacity' depends on axioms: [propext, Quot.sound]
info: Cairn/Audit.lean:66:0: 'Cairn.Collector.run_preserves_inv' depends on axioms: [propext, Quot.sound]
info: Cairn/Audit.lean:67:0: 'Cairn.Collector.run_spec' depends on axioms: [propext, Quot.sound]
info: Cairn/Audit.lean:68:0: 'Cairn.Collector.collect_spec' depends on axioms: [propext, Quot.sound]
info: Cairn/Audit.lean:69:0: 'Cairn.Collector.store_index_lt_capacity' depends on axioms: [propext, Quot.sound]
info: Cairn/Audit.lean:70:0: 'Cairn.Collector.store_index_lt_buffer_length' depends on axioms: [propext, Quot.sound]
info: Cairn/Audit.lean:71:0: 'Cairn.Collector.increments_fit' depends on axioms: [propext, Quot.sound]
info: Cairn/Audit.lean:75:0: 'Cairn.Ownership.reaches_sound' depends on axioms: [propext, Quot.sound]
info: Cairn/Audit.lean:76:0: 'Cairn.Ownership.ovl_sound' depends on axioms: [propext, Quot.sound]
info: Cairn/Audit.lean:77:0: 'Cairn.Ownership.accepted_no_fault' depends on axioms: [propext, Quot.sound]
info: Cairn/Audit.lean:78:0: 'Cairn.Ownership.accepted_no_use_after_move' depends on axioms: [propext, Quot.sound]
info: Cairn/Audit.lean:79:0: 'Cairn.Ownership.accepted_no_use_after_free' depends on axioms: [propext, Quot.sound]
info: Cairn/Audit.lean:80:0: 'Cairn.Ownership.accepted_no_double_free' depends on axioms: [propext, Quot.sound]
info: Cairn/Audit.lean:81:0: 'Cairn.Ownership.accepted_race_free' depends on axioms: [propext, Quot.sound]
info: Cairn/Audit.lean:82:0: 'Cairn.Ownership.accepted_threads_disjoint' depends on axioms: [propext, Quot.sound]
info: Cairn/Audit.lean:83:0: 'Cairn.Ownership.accepted_no_leaked_ticket' depends on axioms: [propext, Quot.sound]
info: Cairn/Audit.lean:84:0: 'Cairn.Ownership.accepted_no_use_after_wait' depends on axioms: [propext, Quot.sound]
info: Cairn/Audit.lean:85:0: 'Cairn.Ownership.accepted_no_aliased_args' depends on axioms: [propext, Quot.sound]
info: Cairn/Audit.lean:86:0: 'Cairn.Ownership.accepted_frees_each_allocation_once' depends on axioms: [propext, Quot.sound]
info: Cairn/Audit.lean:87:0: 'Cairn.Ownership.accepted_progress' depends on axioms: [propext, Quot.sound]
info: Cairn/Audit.lean:88:0: 'Cairn.Ownership.Ok_succ' depends on axioms: [propext, Quot.sound]
info: Cairn/Audit.lean:89:0: 'Cairn.Ownership.Ok_start' depends on axioms: [propext]
info: Cairn/Audit.lean:90:0: 'Cairn.Ownership.Checks.of_accepts' depends on axioms: [propext]
info: Cairn/Audit.lean:91:0: 'Cairn.Ownership.joinOf_le' depends on axioms: [propext, Quot.sound]
info: Cairn/Audit.lean:92:0: 'Cairn.Ownership.Sync.weaken' depends on axioms: [propext]
info: Cairn/Audit.lean:93:0: 'Cairn.Ownership.releaseAll_final' depends on axioms: [propext]
info: Cairn/Audit.lean:94:0: 'Cairn.Ownership.lanesOf_pairwise' depends on axioms: [propext, Quot.sound]
info: Cairn/Audit.lean:95:0: 'Cairn.Ownership.lane_borrows_dont_race' depends on axioms: [propext, Quot.sound]
info: Cairn/Audit.lean:96:0: 'Cairn.Ownership.races_borrow_of_lease' depends on axioms: [propext]
info: Cairn/Audit.lean:97:0: 'Cairn.Ownership.ownership_regression' depends on axioms: [propext]
info: Cairn/Audit.lean:101:0: 'Cairn.Region.Lane.once' depends on axioms: [propext, Quot.sound]
info: Cairn/Audit.lean:102:0: 'Cairn.Region.Inv.reach' depends on axioms: [propext, Quot.sound]
info: Cairn/Audit.lean:103:0: 'Cairn.Region.runs_once' depends on axioms: [propext, Quot.sound]
info: Cairn/Audit.lean:104:0: 'Cairn.Region.quiet_when_back' depends on axioms: [propext, Quot.sound]
info: Cairn/Audit.lean:105:0: 'Cairn.Region.finishes' depends on axioms: [propext, Quot.sound]
info: Cairn/Audit.lean:109:0: 'Cairn.Facts.distance_sound' depends on axioms: [propext, Quot.sound]
info: Cairn/Audit.lean:110:0: 'Cairn.Facts.bounds_sound' depends on axioms: [propext, Quot.sound]
info: Cairn/Audit.lean:111:0: 'Cairn.Facts.index_sound' depends on axioms: [propext, Quot.sound]
info: Cairn/Audit.lean:112:0: 'Cairn.Facts.add_sound' depends on axioms: [propext, Quot.sound]
info: Cairn/Audit.lean:113:0: 'Cairn.Facts.sub_sound' depends on axioms: [propext, Quot.sound]
info: Cairn/Audit.lean:114:0: 'Cairn.Facts.atMostConst_sound' depends on axioms: [propext, Quot.sound]
info: Cairn/Audit.lean:115:0: 'Cairn.Facts.part_sound' depends on axioms: [propext, Quot.sound]
info: Cairn/Audit.lean:119:0: 'Cairn.Ownership.Regress.leasedRead_races' depends on axioms: [propext, Quot.sound]
info: Cairn/Audit.lean:120:0: 'Cairn.Ownership.Regress.overlappingTasks_races' depends on axioms: [propext, Quot.sound]
info: Cairn/Audit.lean:121:0: 'Cairn.Ownership.Regress.overlappingParts_races' depends on axioms: [propext, Quot.sound]
info: Cairn/Audit.lean:122:0: 'Cairn.Ownership.Regress.sameFieldToTwoTasks_races' depends on axioms: [propext, Quot.sound]
info: Cairn/Audit.lean:123:0: 'Cairn.Ownership.Regress.fieldPartsOverlapInOneCall_aliases' depends on axioms: [propext, Quot.sound]
info: Cairn/Audit.lean:124:0: 'Cairn.Ownership.Regress.laneWritesFixedIndex_races' depends on axioms: [propext, Quot.sound]
info: Cairn/Audit.lean:125:0: 'Cairn.Ownership.Regress.laneWritesShared_races' depends on axioms: [propext, Quot.sound]
info: Cairn/Audit.lean:126:0: 'Cairn.Ownership.Regress.laneReadsOther_races' depends on axioms: [propext, Quot.sound]
info: Cairn/Audit.lean:127:0: 'Cairn.Ownership.Regress.laneTwoStrides_races' depends on axioms: [propext, Quot.sound]
info: Cairn/Audit.lean:128:0: 'Cairn.Ownership.meets_own_block' depends on axioms: [propext, Quot.sound]
info: Cairn/Audit.lean:129:0: 'Cairn.Ownership.Regress.backwardsPart_traps' depends on axioms: [propext, Quot.sound]
info: Cairn/Audit.lean:130:0: 'Cairn.Ownership.Regress.copyAnOwner_doubleFrees' depends on axioms: [propext, Quot.sound]
info: Cairn/Audit.lean:131:0: 'Cairn.Ownership.Regress.useAfterDrop_usesDeadPlace' depends on axioms: [propext, Quot.sound]
info: Cairn/Audit.lean:132:0: 'Cairn.Ownership.Regress.unawaitedTicket_leaks' depends on axioms: [propext, Quot.sound]
info: Cairn/Audit.lean:133:0: 'Cairn.Ownership.Regress.witnesses_are_rejected' depends on axioms: [propext]
info: Cairn/Audit.lean:134:0: 'Cairn.Ownership.Regress.groupNeverWaited_leaks' depends on axioms: [propext, Quot.sound]
info: Cairn/Audit.lean:135:0: 'Cairn.Ownership.Regress.collectAfterWait_deadGroup' depends on axioms: [propext, Quot.sound]
info: Cairn/Audit.lean:136:0: 'Cairn.Ownership.Regress.groupLeaseFromOnePath_races' depends on axioms: [propext, Quot.sound]
info: Cairn/Audit.lean:137:0: 'Cairn.Ownership.Regress.groupFactFromOnePath_races' depends on axioms: [propext, Quot.sound]
info: Cairn/Audit.lean:138:0: 'Cairn.Ownership.Regress.group_witnesses_are_rejected' depends on axioms: [propext]
info: Cairn/Audit.lean:142:0: "ownership-regression: pass"
✔ [20/21] Built Cairn (196ms)
Build completed successfully (21 jobs).
