batch batch4 start 2026-09-24T11:14:17-07:00
smi 2026-09-24T11:14:17-07:00 13 %, 3137 MiB, 38
busy: waiting 300 s (wait 1)
smi 2026-09-24T11:19:04-07:00 2 %, 3143 MiB, 37
run 1 exec diag2_0 args=$SCRATCH/diag2/diag2 0 2026-09-24T11:19:04-07:00
  status 0 seconds 1.50786
  driver events in the last 3 minutes: 0
run 2 exec diag2_1 args=$SCRATCH/diag2/diag2 1 2026-09-24T11:19:18-07:00
  status 134 seconds 2.82236
  stderr: cairn: cuda: invalid resource handle
timeout: the monitored command dumped core
  driver events in the last 3 minutes: 0
run 3 exec diag2_2 args=$SCRATCH/diag2/diag2 2 2026-09-24T11:19:33-07:00
  status 0 seconds 1.15877
  driver events in the last 3 minutes: 0
run 4 exec diag2_3 args=$SCRATCH/diag2/diag2 3 2026-09-24T11:19:47-07:00
  status 134 seconds 3.51567
  stderr: cairn: cuda: invalid device function
timeout: the monitored command dumped core
  driver events in the last 3 minutes: 0
run 5 reduce before args=60 ptx 2026-09-24T11:20:02-07:00
  status 0 seconds 6.56563
  driver events in the last 3 minutes: 0
run 6 reduce held args=60 ptx 2026-09-24T11:20:22-07:00
  status 0 seconds 6.2908
  driver events in the last 3 minutes: 0
run 7 reduce mul args=60 ptx 2026-09-24T11:20:39-07:00
  status 0 seconds 4.91524
  driver events in the last 3 minutes: 0
run 8 reduce grid args=60 ptx 2026-09-24T11:20:57-07:00
  status 0 seconds 4.30505
  driver events in the last 3 minutes: 0
resets check 2026-09-24T11:21:03-07:00 over the last 8 minutes
system events: 0, application LiveKernelEvent: 0
smi after 6 %, 3239 MiB, 39
batch batch4 end 2026-09-24T11:21:05-07:00
