warm-up cuda/one_pass_v4_lastblock n=16777216
warm-up cuda/two_pass_v4 n=16777216
warm-up cuda/two_pass_scalar n=16777216
warm-up cuda/two_pass_per_thread n=16777216
warm-up cuda/two_pass_per_thread_zeroed n=16777216
warm-up cuda/two_pass_per_thread_zeroed_capped n=16777216
warm-up cuda/cub_to_host n=16777216
warm-up cairn/two_pass_scalar n=16777216
warm-up cairn/two_pass_ptx_v4 n=16777216
warm-up cairn/two_pass_per_thread n=16777216
warm-up cairn/collector_to_host n=16777216
warm-up cairn/two_pass_scalar_enqueued n=16777216
warm-up cairn/two_pass_ptx_v4_enqueued n=16777216
warm-up cairn/two_pass_per_thread_enqueued n=16777216
warm-up cuda/one_pass_v4_lastblock n=67108864
warm-up cuda/two_pass_v4 n=67108864
warm-up cuda/two_pass_scalar n=67108864
warm-up cuda/two_pass_per_thread n=67108864
warm-up cuda/two_pass_per_thread_zeroed n=67108864
warm-up cuda/two_pass_per_thread_zeroed_capped n=67108864
warm-up cuda/cub_to_host n=67108864
warm-up cairn/two_pass_scalar n=67108864
warm-up cairn/two_pass_ptx_v4 n=67108864
warm-up cairn/two_pass_per_thread n=67108864
warm-up cairn/collector_to_host n=67108864
warm-up cairn/two_pass_scalar_enqueued n=67108864
warm-up cairn/two_pass_ptx_v4_enqueued n=67108864
warm-up cairn/two_pass_per_thread_enqueued n=67108864
